\BOOKMARK [1][-]{section.1}{\376\377\000I\000n\000t\000r\000o\000d\000u\000c\000t\000i\000o\000n}{}% 1
\BOOKMARK [2][-]{subsection.2}{\376\377\000P\000r\000o\000b\000l\000e\000m\000\040\000S\000t\000a\000t\000e\000m\000e\000n\000t}{section.1}% 2
\BOOKMARK [2][-]{subsection.9}{\376\377\000C\000o\000n\000t\000r\000i\000b\000u\000t\000i\000o\000n\000s}{section.1}% 3
\BOOKMARK [2][-]{subsection.16}{\376\377\000P\000a\000p\000e\000r\000\040\000O\000r\000g\000a\000n\000i\000z\000a\000t\000i\000o\000n}{section.1}% 4
\BOOKMARK [1][-]{section.17}{\376\377\000M\000o\000d\000e\000l\000\040\000a\000n\000d\000\040\000B\000a\000s\000i\000c\000\040\000I\000n\000f\000o\000r\000m\000a\000t\000i\000o\000n\000\040\000B\000a\000r\000r\000i\000e\000r}{}% 5
\BOOKMARK [2][-]{subsection.18}{\376\377\000T\000h\000e\000\040\000A\000b\000s\000t\000r\000a\000c\000t\000\040\000C\000o\000d\000i\000n\000g\000\040\000F\000r\000a\000m\000e\000w\000o\000r\000k}{section.17}% 6
\BOOKMARK [2][-]{subsection.24}{\376\377\000R\000e\000p\000r\000e\000s\000e\000n\000t\000a\000t\000i\000o\000n\000-\000I\000n\000d\000u\000c\000e\000d\000\040\000I\000n\000f\000o\000r\000m\000a\000t\000i\000o\000n\000\040\000B\000a\000r\000r\000i\000e\000r}{section.17}% 7
\BOOKMARK [1][-]{section.38}{\376\377\000C\000o\000d\000i\000n\000g\000\040\000C\000o\000n\000s\000e\000q\000u\000e\000n\000c\000e\000s\000:\000\040\000B\000i\000t\000\040\000C\000u\000r\000r\000e\000n\000c\000y}{}% 8
\BOOKMARK [2][-]{subsection.39}{\376\377\000F\000i\000x\000e\000d\000-\000L\000e\000n\000g\000t\000h\000\040\000Z\000e\000r\000o\000-\000E\000r\000r\000o\000r\000\040\000R\000e\000c\000o\000v\000e\000r\000y}{section.38}% 9
\BOOKMARK [2][-]{subsection.48}{\376\377\000F\000i\000x\000e\000d\000-\000L\000e\000n\000g\000t\000h\000\040\000A\000u\000x\000i\000l\000i\000a\000r\000y\000\040\000D\000e\000s\000c\000r\000i\000p\000t\000i\000o\000n}{section.38}% 10
\BOOKMARK [2][-]{subsection.55}{\376\377\000A\000m\000b\000i\000g\000u\000i\000t\000y\000\040\000C\000o\000n\000v\000e\000r\000s\000e}{section.38}% 11
\BOOKMARK [2][-]{subsection.74}{\376\377\000E\000x\000a\000c\000t\000\040\000F\000i\000n\000i\000t\000e\000-\000B\000l\000o\000c\000k\000\040\000L\000a\000w}{section.38}% 12
\BOOKMARK [2][-]{subsection.85}{\376\377\000C\000o\000l\000l\000i\000s\000i\000o\000n\000\040\000F\000i\000b\000e\000r\000s\000\040\000a\000s\000\040\000G\000r\000a\000p\000h\000\040\000C\000o\000m\000p\000o\000n\000e\000n\000t\000s}{section.38}% 13
\BOOKMARK [2][-]{subsection.92}{\376\377\000R\000e\000p\000r\000e\000s\000e\000n\000t\000a\000t\000i\000o\000n\000-\000A\000d\000a\000p\000t\000i\000v\000e\000\040\000S\000i\000d\000e\000\040\000I\000n\000f\000o\000r\000m\000a\000t\000i\000o\000n}{section.38}% 14
\BOOKMARK [1][-]{section.116}{\376\377\000Q\000u\000e\000r\000y\000\040\000C\000u\000r\000r\000e\000n\000c\000y\000\040\000a\000n\000d\000\040\000C\000a\000n\000o\000n\000i\000c\000a\000l\000\040\000O\000r\000t\000h\000o\000g\000o\000n\000a\000l\000\040\000C\000o\000r\000e}{}% 15
\BOOKMARK [2][-]{subsection.117}{\376\377\000T\000h\000e\000\040\000Q\000u\000e\000r\000y\000\040\000C\000u\000r\000r\000e\000n\000c\000y}{section.116}% 16
\BOOKMARK [2][-]{subsection.128}{\376\377\000C\000o\000u\000n\000t\000i\000n\000g\000\040\000B\000r\000i\000d\000g\000e\000\040\000t\000o\000\040\000B\000i\000t\000\040\000C\000u\000r\000r\000e\000n\000c\000y}{section.116}% 17
\BOOKMARK [2][-]{subsection.135}{\376\377\000C\000a\000n\000o\000n\000i\000c\000a\000l\000\040\000R\000e\000d\000u\000c\000t\000i\000o\000n\000\040\000t\000o\000\040\000t\000h\000e\000\040\000O\000r\000t\000h\000o\000g\000o\000n\000a\000l\000\040\000C\000o\000r\000e}{section.116}% 18
\BOOKMARK [2][-]{subsection.152}{\376\377\000W\000i\000t\000n\000e\000s\000s\000\040\000C\000o\000s\000t\000\040\000C\000o\000m\000p\000a\000r\000i\000s\000o\000n}{section.116}% 19
\BOOKMARK [1][-]{section.156}{\376\377\000R\000a\000t\000e\000-\000D\000i\000s\000t\000o\000r\000t\000i\000o\000n\000\040\000L\000a\000w\000\040\000a\000n\000d\000\040\000E\000n\000t\000r\000o\000p\000y\000\040\000F\000l\000o\000o\000r\000s}{}% 20
\BOOKMARK [2][-]{subsection.157}{\376\377\000R\000a\000t\000e\000-\000D\000i\000s\000t\000o\000r\000t\000i\000o\000n\000\040\000L\000a\000w\000\040\000a\000n\000d\000\040\000D\000i\000s\000t\000o\000r\000t\000i\000o\000n\000\040\000C\000u\000r\000r\000e\000n\000c\000y}{section.156}% 21
\BOOKMARK [2][-]{subsection.158}{\376\377\000F\000i\000n\000i\000t\000e\000\040\000F\000i\000b\000e\000r\000w\000i\000s\000e\000\040\000D\000e\000c\000o\000m\000p\000o\000s\000i\000t\000i\000o\000n}{section.156}% 22
\BOOKMARK [2][-]{subsection.168}{\376\377\000T\000h\000e\000\040\000U\000n\000i\000f\000o\000r\000m\000\040\000S\000i\000n\000g\000l\000e\000-\000B\000l\000o\000c\000k\000\040\000C\000o\000r\000n\000e\000r}{section.156}% 23
\BOOKMARK [2][-]{subsection.179}{\376\377\000F\000i\000n\000i\000t\000e\000\040\000E\000n\000t\000r\000o\000p\000y\000\040\000C\000o\000n\000v\000e\000r\000s\000e\000s}{section.156}% 24
\BOOKMARK [1][-]{section.192}{\376\377\000S\000y\000s\000t\000e\000m\000s\000\040\000C\000o\000n\000s\000e\000q\000u\000e\000n\000c\000e\000s\000:\000\040\000W\000h\000y\000\040\000S\000y\000m\000b\000o\000l\000s\000\040\000A\000r\000e\000\040\000N\000e\000c\000e\000s\000s\000a\000r\000y}{}% 25
\BOOKMARK [2][-]{subsection.193}{\376\377\000L\000e\000a\000r\000n\000e\000d\000\040\000R\000e\000p\000r\000e\000s\000e\000n\000t\000a\000t\000i\000o\000n\000s\000\040\000a\000n\000d\000\040\000F\000o\000r\000m\000a\000l\000\040\000I\000n\000s\000t\000a\000n\000t\000i\000a\000t\000i\000o\000n\000s}{section.192}% 26
\BOOKMARK [2][-]{subsection.212}{\376\377\000T\000a\000s\000k\000\040\000S\000u\000f\000f\000i\000c\000i\000e\000n\000c\000y\000,\000\040\000H\000e\000l\000p\000e\000r\000\040\000V\000i\000e\000w\000s\000,\000\040\000a\000n\000d\000\040\000F\000a\000c\000t\000o\000r\000i\000z\000a\000t\000i\000o\000n}{section.192}% 27
\BOOKMARK [1][-]{section.230}{\376\377\000R\000o\000b\000u\000s\000t\000n\000e\000s\000s\000\040\000u\000n\000d\000e\000r\000\040\000S\000y\000s\000t\000e\000m\000\040\000G\000r\000o\000w\000t\000h}{}% 28
\BOOKMARK [2][-]{subsection.231}{\376\377\000S\000e\000c\000o\000n\000d\000a\000r\000y\000\040\000R\000o\000b\000u\000s\000t\000n\000e\000s\000s\000\040\000a\000n\000d\000\040\000D\000e\000c\000i\000d\000a\000b\000i\000l\000i\000t\000y\000\040\000B\000o\000u\000n\000d\000a\000r\000y}{section.230}% 29
\BOOKMARK [1][-]{section.254}{\376\377\000E\000x\000t\000e\000n\000s\000i\000o\000n\000s\000\040\000a\000n\000d\000\040\000O\000p\000e\000n\000\040\000D\000i\000r\000e\000c\000t\000i\000o\000n\000s}{}% 30
\BOOKMARK [2][-]{subsection.255}{\376\377\000S\000t\000o\000c\000h\000a\000s\000t\000i\000c\000\040\000a\000n\000d\000\040\000S\000e\000m\000a\000n\000t\000i\000c\000\040\000G\000e\000n\000e\000r\000a\000l\000i\000z\000a\000t\000i\000o\000n\000s}{section.254}% 31
\BOOKMARK [2][-]{subsection.256}{\376\377\000D\000y\000n\000a\000m\000i\000c\000\040\000G\000r\000o\000w\000t\000h\000\040\000a\000n\000d\000\040\000T\000r\000i\000g\000g\000e\000r\000\040\000C\000o\000n\000d\000i\000t\000i\000o\000n\000s}{section.254}% 32
\BOOKMARK [2][-]{subsection.258}{\376\377\000I\000n\000f\000o\000r\000m\000a\000t\000i\000o\000n\000-\000T\000h\000e\000o\000r\000e\000t\000i\000c\000\040\000V\000i\000s\000t\000a\000s\000:\000\040\000P\000r\000i\000v\000a\000c\000y\000\040\000a\000n\000d\000\040\000E\000n\000t\000r\000o\000p\000y}{section.254}% 33
\BOOKMARK [2][-]{subsection.260}{\376\377\000E\000m\000p\000i\000r\000i\000c\000a\000l\000\040\000A\000u\000d\000i\000t\000:\000\040\000E\000m\000b\000e\000d\000d\000i\000n\000g\000\040\000C\000o\000l\000l\000a\000p\000s\000e}{section.254}% 34
\BOOKMARK [1][-]{section.263}{\376\377\000C\000o\000n\000c\000l\000u\000s\000i\000o\000n}{}% 35
\BOOKMARK [1][-]{section*.270}{\376\377\000R\000e\000f\000e\000r\000e\000n\000c\000e\000s}{}% 36
