\BOOKMARK [1][-]{section.1}{\376\377\000I\000n\000t\000r\000o\000d\000u\000c\000t\000i\000o\000n}{}% 1
\BOOKMARK [2][-]{subsection.2}{\376\377\000P\000r\000o\000b\000l\000e\000m\000\040\000S\000t\000a\000t\000e\000m\000e\000n\000t}{section.1}% 2
\BOOKMARK [2][-]{subsection.8}{\376\377\000C\000o\000n\000t\000r\000i\000b\000u\000t\000i\000o\000n\000s}{section.1}% 3
\BOOKMARK [2][-]{subsection.15}{\376\377\000P\000a\000p\000e\000r\000\040\000O\000r\000g\000a\000n\000i\000z\000a\000t\000i\000o\000n}{section.1}% 4
\BOOKMARK [1][-]{section.16}{\376\377\000M\000o\000d\000e\000l\000\040\000a\000n\000d\000\040\000B\000a\000s\000i\000c\000\040\000I\000n\000f\000o\000r\000m\000a\000t\000i\000o\000n\000\040\000B\000a\000r\000r\000i\000e\000r}{}% 5
\BOOKMARK [2][-]{subsection.17}{\376\377\000T\000h\000e\000\040\000A\000b\000s\000t\000r\000a\000c\000t\000\040\000C\000o\000d\000i\000n\000g\000\040\000F\000r\000a\000m\000e\000w\000o\000r\000k}{section.16}% 6
\BOOKMARK [2][-]{subsection.23}{\376\377\000R\000e\000p\000r\000e\000s\000e\000n\000t\000a\000t\000i\000o\000n\000-\000I\000n\000d\000u\000c\000e\000d\000\040\000I\000n\000f\000o\000r\000m\000a\000t\000i\000o\000n\000\040\000B\000a\000r\000r\000i\000e\000r}{section.16}% 7
\BOOKMARK [1][-]{section.31}{\376\377\000C\000o\000d\000i\000n\000g\000\040\000C\000o\000n\000s\000e\000q\000u\000e\000n\000c\000e\000s\000:\000\040\000B\000i\000t\000\040\000C\000u\000r\000r\000e\000n\000c\000y}{}% 8
\BOOKMARK [2][-]{subsection.32}{\376\377\000F\000i\000x\000e\000d\000-\000L\000e\000n\000g\000t\000h\000\040\000Z\000e\000r\000o\000-\000E\000r\000r\000o\000r\000\040\000R\000e\000c\000o\000v\000e\000r\000y}{section.31}% 9
\BOOKMARK [2][-]{subsection.37}{\376\377\000F\000i\000x\000e\000d\000-\000L\000e\000n\000g\000t\000h\000\040\000A\000u\000x\000i\000l\000i\000a\000r\000y\000\040\000D\000e\000s\000c\000r\000i\000p\000t\000i\000o\000n}{section.31}% 10
\BOOKMARK [2][-]{subsection.40}{\376\377\000A\000m\000b\000i\000g\000u\000i\000t\000y\000\040\000C\000o\000n\000v\000e\000r\000s\000e}{section.31}% 11
\BOOKMARK [2][-]{subsection.48}{\376\377\000E\000x\000a\000c\000t\000\040\000F\000i\000n\000i\000t\000e\000-\000B\000l\000o\000c\000k\000\040\000L\000a\000w}{section.31}% 12
\BOOKMARK [2][-]{subsection.53}{\376\377\000W\000h\000y\000\040\000t\000h\000e\000\040\000G\000e\000n\000e\000r\000a\000l\000\040\000Z\000e\000r\000o\000-\000E\000r\000r\000o\000r\000\040\000T\000h\000e\000o\000r\000y\000\040\000S\000i\000m\000p\000l\000i\000f\000i\000e\000s\000\040\000H\000e\000r\000e}{section.31}% 13
\BOOKMARK [2][-]{subsection.57}{\376\377\000R\000e\000p\000r\000e\000s\000e\000n\000t\000a\000t\000i\000o\000n\000-\000A\000d\000a\000p\000t\000i\000v\000e\000\040\000S\000i\000d\000e\000\040\000I\000n\000f\000o\000r\000m\000a\000t\000i\000o\000n}{section.31}% 14
\BOOKMARK [1][-]{section.69}{\376\377\000Q\000u\000e\000r\000y\000\040\000C\000u\000r\000r\000e\000n\000c\000y\000\040\000a\000n\000d\000\040\000C\000a\000n\000o\000n\000i\000c\000a\000l\000\040\000O\000r\000t\000h\000o\000g\000o\000n\000a\000l\000\040\000C\000o\000r\000e}{}% 15
\BOOKMARK [2][-]{subsection.70}{\376\377\000T\000h\000e\000\040\000Q\000u\000e\000r\000y\000\040\000C\000u\000r\000r\000e\000n\000c\000y}{section.69}% 16
\BOOKMARK [2][-]{subsection.77}{\376\377\000C\000o\000u\000n\000t\000i\000n\000g\000\040\000B\000r\000i\000d\000g\000e\000\040\000t\000o\000\040\000B\000i\000t\000\040\000C\000u\000r\000r\000e\000n\000c\000y}{section.69}% 17
\BOOKMARK [2][-]{subsection.80}{\376\377\000C\000a\000n\000o\000n\000i\000c\000a\000l\000\040\000R\000e\000d\000u\000c\000t\000i\000o\000n\000\040\000t\000o\000\040\000t\000h\000e\000\040\000O\000r\000t\000h\000o\000g\000o\000n\000a\000l\000\040\000C\000o\000r\000e}{section.69}% 18
\BOOKMARK [2][-]{subsection.88}{\376\377\000W\000i\000t\000n\000e\000s\000s\000\040\000C\000o\000s\000t\000\040\000C\000o\000m\000p\000a\000r\000i\000s\000o\000n}{section.69}% 19
\BOOKMARK [1][-]{section.92}{\376\377\000D\000i\000s\000t\000o\000r\000t\000i\000o\000n\000\040\000C\000u\000r\000r\000e\000n\000c\000y\000\040\000a\000n\000d\000\040\000E\000n\000t\000r\000o\000p\000y\000\040\000F\000l\000o\000o\000r\000s}{}% 20
\BOOKMARK [2][-]{subsection.93}{\376\377\000D\000i\000s\000t\000o\000r\000t\000i\000o\000n\000\040\000a\000s\000\040\000a\000\040\000C\000u\000r\000r\000e\000n\000c\000y}{section.92}% 21
\BOOKMARK [2][-]{subsection.95}{\376\377\000F\000i\000n\000i\000t\000e\000\040\000F\000i\000b\000e\000r\000w\000i\000s\000e\000\040\000D\000e\000c\000o\000m\000p\000o\000s\000i\000t\000i\000o\000n}{section.92}% 22
\BOOKMARK [2][-]{subsection.102}{\376\377\000T\000h\000e\000\040\000U\000n\000i\000f\000o\000r\000m\000\040\000S\000i\000n\000g\000l\000e\000-\000B\000l\000o\000c\000k\000\040\000C\000o\000r\000n\000e\000r}{section.92}% 23
\BOOKMARK [2][-]{subsection.109}{\376\377\000F\000i\000n\000i\000t\000e\000\040\000E\000n\000t\000r\000o\000p\000y\000\040\000C\000o\000n\000v\000e\000r\000s\000e\000s}{section.92}% 24
\BOOKMARK [1][-]{section.114}{\376\377\000S\000y\000s\000t\000e\000m\000s\000\040\000C\000o\000n\000s\000e\000q\000u\000e\000n\000c\000e\000s\000:\000\040\000W\000h\000y\000\040\000S\000y\000m\000b\000o\000l\000s\000\040\000A\000r\000e\000\040\000N\000e\000c\000e\000s\000s\000a\000r\000y}{}% 25
\BOOKMARK [2][-]{subsection.115}{\376\377\000L\000e\000a\000r\000n\000e\000d\000\040\000R\000e\000p\000r\000e\000s\000e\000n\000t\000a\000t\000i\000o\000n\000s\000\040\000a\000n\000d\000\040\000F\000o\000r\000m\000a\000l\000\040\000I\000n\000s\000t\000a\000n\000t\000i\000a\000t\000i\000o\000n\000s}{section.114}% 26
\BOOKMARK [2][-]{subsection.120}{\376\377\000T\000a\000s\000k\000\040\000S\000u\000f\000f\000i\000c\000i\000e\000n\000c\000y\000,\000\040\000H\000e\000l\000p\000e\000r\000\040\000V\000i\000e\000w\000s\000,\000\040\000a\000n\000d\000\040\000F\000a\000c\000t\000o\000r\000i\000z\000a\000t\000i\000o\000n}{section.114}% 27
\BOOKMARK [1][-]{section.127}{\376\377\000R\000o\000b\000u\000s\000t\000n\000e\000s\000s\000\040\000u\000n\000d\000e\000r\000\040\000S\000y\000s\000t\000e\000m\000\040\000G\000r\000o\000w\000t\000h}{}% 28
\BOOKMARK [2][-]{subsection.128}{\376\377\000S\000e\000c\000o\000n\000d\000a\000r\000y\000\040\000R\000o\000b\000u\000s\000t\000n\000e\000s\000s\000\040\000a\000n\000d\000\040\000D\000e\000c\000i\000d\000a\000b\000i\000l\000i\000t\000y\000\040\000B\000o\000u\000n\000d\000a\000r\000y}{section.127}% 29
\BOOKMARK [1][-]{section.137}{\376\377\000E\000x\000t\000e\000n\000s\000i\000o\000n\000s\000\040\000a\000n\000d\000\040\000O\000p\000e\000n\000\040\000D\000i\000r\000e\000c\000t\000i\000o\000n\000s}{}% 30
\BOOKMARK [2][-]{subsection.138}{\376\377\000S\000c\000o\000p\000e\000\040\000a\000n\000d\000\040\000C\000o\000m\000p\000l\000e\000t\000e\000n\000e\000s\000s}{section.137}% 31
\BOOKMARK [2][-]{subsection.139}{\376\377\000N\000o\000i\000s\000y\000\040\000a\000n\000d\000\040\000L\000o\000s\000s\000y\000\040\000O\000b\000s\000e\000r\000v\000a\000t\000i\000o\000n}{section.137}% 32
\BOOKMARK [2][-]{subsection.140}{\376\377\000G\000r\000o\000w\000t\000h\000\040\000a\000n\000d\000\040\000B\000u\000d\000g\000e\000t\000i\000n\000g}{section.137}% 33
\BOOKMARK [2][-]{subsection.141}{\376\377\000E\000n\000t\000r\000o\000p\000y\000-\000S\000e\000n\000s\000i\000t\000i\000v\000e\000\040\000C\000o\000n\000v\000e\000r\000s\000e\000s}{section.137}% 34
\BOOKMARK [2][-]{subsection.142}{\376\377\000S\000e\000m\000a\000n\000t\000i\000c\000\040\000D\000i\000s\000t\000o\000r\000t\000i\000o\000n\000\040\000M\000e\000a\000s\000u\000r\000e\000s}{section.137}% 35
\BOOKMARK [2][-]{subsection.143}{\376\377\000P\000r\000i\000v\000a\000c\000y\000,\000\040\000S\000e\000c\000u\000r\000i\000t\000y\000,\000\040\000a\000n\000d\000\040\000T\000h\000r\000e\000e\000-\000R\000e\000s\000o\000u\000r\000c\000e\000\040\000G\000e\000o\000m\000e\000t\000r\000y}{section.137}% 36
\BOOKMARK [2][-]{subsection.144}{\376\377\000L\000e\000a\000r\000n\000e\000d\000\040\000R\000e\000p\000r\000e\000s\000e\000n\000t\000a\000t\000i\000o\000n\000s\000\040\000a\000n\000d\000\040\000E\000m\000b\000e\000d\000d\000i\000n\000g\000\040\000C\000o\000l\000l\000a\000p\000s\000e}{section.137}% 37
\BOOKMARK [1][-]{section.147}{\376\377\000C\000o\000n\000c\000l\000u\000s\000i\000o\000n}{}% 38
\BOOKMARK [1][-]{section*.152}{\376\377\000R\000e\000f\000e\000r\000e\000n\000c\000e\000s}{}% 39
