\BOOKMARK [1][-]{section.1}{\376\377\000I\000n\000t\000r\000o\000d\000u\000c\000t\000i\000o\000n}{}% 1
\BOOKMARK [2][-]{subsection.2}{\376\377\000T\000h\000e\000\040\000O\000p\000t\000i\000m\000i\000z\000e\000r\000\040\000Q\000u\000o\000t\000i\000e\000n\000t\000:\000\040\000A\000\040\000C\000a\000n\000o\000n\000i\000c\000a\000l\000\040\000O\000b\000j\000e\000c\000t}{section.1}% 2
\BOOKMARK [2][-]{subsection.3}{\376\377\000T\000h\000e\000\040\000C\000e\000r\000t\000i\000f\000i\000c\000a\000t\000i\000o\000n\000\040\000T\000r\000i\000l\000e\000m\000m\000a\000:\000\040\000A\000n\000\040\000I\000m\000p\000o\000s\000s\000i\000b\000i\000l\000i\000t\000y\000\040\000T\000h\000e\000o\000r\000e\000m}{section.1}% 3
\BOOKMARK [2][-]{subsection.4}{\376\377\000T\000h\000e\000\040\000C\000o\000m\000p\000l\000e\000x\000i\000t\000y\000\040\000M\000a\000p\000\040\000a\000s\000\040\000E\000v\000i\000d\000e\000n\000c\000e}{section.1}% 4
\BOOKMARK [2][-]{subsection.5}{\376\377\000T\000r\000a\000c\000t\000a\000b\000l\000e\000\040\000B\000o\000u\000n\000d\000a\000r\000i\000e\000s}{section.1}% 5
\BOOKMARK [2][-]{subsection.6}{\376\377\000P\000a\000p\000e\000r\000\040\000S\000t\000r\000u\000c\000t\000u\000r\000e}{section.1}% 6
\BOOKMARK [2][-]{subsection.7}{\376\377\000A\000r\000t\000i\000f\000a\000c\000t\000\040\000A\000v\000a\000i\000l\000a\000b\000i\000l\000i\000t\000y}{section.1}% 7
\BOOKMARK [1][-]{section.8}{\376\377\000F\000o\000r\000m\000a\000l\000\040\000S\000e\000t\000u\000p}{}% 8
\BOOKMARK [2][-]{subsection.10}{\376\377\000D\000e\000c\000i\000s\000i\000o\000n\000\040\000P\000r\000o\000b\000l\000e\000m\000s\000\040\000w\000i\000t\000h\000\040\000C\000o\000o\000r\000d\000i\000n\000a\000t\000e\000\040\000S\000t\000r\000u\000c\000t\000u\000r\000e}{section.8}% 9
\BOOKMARK [2][-]{subsection.14}{\376\377\000S\000u\000f\000f\000i\000c\000i\000e\000n\000c\000y\000\040\000a\000n\000d\000\040\000R\000e\000l\000e\000v\000a\000n\000c\000e}{section.8}% 10
\BOOKMARK [2][-]{subsection.29}{\376\377\000O\000p\000t\000i\000m\000i\000z\000e\000r\000\040\000Q\000u\000o\000t\000i\000e\000n\000t}{section.8}% 11
\BOOKMARK [2][-]{subsection.47}{\376\377\000C\000o\000m\000p\000u\000t\000a\000t\000i\000o\000n\000a\000l\000\040\000M\000o\000d\000e\000l\000\040\000a\000n\000d\000\040\000I\000n\000p\000u\000t\000\040\000E\000n\000c\000o\000d\000i\000n\000g}{section.8}% 12
\BOOKMARK [1][-]{section.53}{\376\377\000S\000t\000a\000t\000i\000c\000\040\000R\000e\000g\000i\000m\000e\000\040\000C\000o\000m\000p\000l\000e\000x\000i\000t\000y}{}% 13
\BOOKMARK [2][-]{subsection.54}{\376\377\000P\000r\000o\000b\000l\000e\000m\000\040\000D\000e\000f\000i\000n\000i\000t\000i\000o\000n\000s}{section.53}% 14
\BOOKMARK [2][-]{subsection.58}{\376\377\000A\000p\000p\000a\000r\000e\000n\000t\000\040\0002\000P\000\040\000S\000t\000r\000u\000c\000t\000u\000r\000e}{section.53}% 15
\BOOKMARK [2][-]{subsection.59}{\376\377\000S\000t\000r\000u\000c\000t\000u\000r\000a\000l\000\040\000C\000h\000a\000r\000a\000c\000t\000e\000r\000i\000z\000a\000t\000i\000o\000n\000\040\000o\000f\000\040\000M\000i\000n\000i\000m\000u\000m\000\040\000S\000u\000f\000f\000i\000c\000i\000e\000n\000c\000y}{section.53}% 16
\BOOKMARK [2][-]{subsection.60}{\376\377\000C\000o\000m\000p\000l\000e\000x\000i\000t\000y\000\040\000C\000o\000n\000s\000e\000q\000u\000e\000n\000c\000e\000:\000\040\000c\000o\000N\000P\000-\000C\000o\000m\000p\000l\000e\000t\000e\000n\000e\000s\000s}{section.53}% 17
\BOOKMARK [2][-]{subsection.69}{\376\377\000S\000i\000g\000m\000a\000-\0002\000-\000P\000\040\000C\000o\000m\000p\000l\000e\000t\000e\000n\000e\000s\000s}{section.53}% 18
\BOOKMARK [2][-]{subsection.73}{\376\377\000C\000e\000r\000t\000i\000f\000i\000c\000a\000t\000e\000-\000S\000i\000z\000e\000\040\000L\000o\000w\000e\000r\000\040\000B\000o\000u\000n\000d}{section.53}% 19
\BOOKMARK [1][-]{section.79}{\376\377\000S\000t\000o\000c\000h\000a\000s\000t\000i\000c\000\040\000R\000e\000g\000i\000m\000e\000\040\000C\000o\000m\000p\000l\000e\000x\000i\000t\000y}{}% 20
\BOOKMARK [2][-]{subsection.80}{\376\377\000P\000r\000e\000s\000e\000r\000v\000a\000t\000i\000o\000n\000\040\000a\000n\000d\000\040\000D\000e\000c\000i\000s\000i\000v\000e\000n\000e\000s\000s}{section.79}% 21
\BOOKMARK [2][-]{subsection.83}{\376\377\000S\000t\000o\000c\000h\000a\000s\000t\000i\000c\000\040\000D\000e\000c\000i\000s\000i\000o\000n\000\040\000P\000r\000o\000b\000l\000e\000m\000s}{section.79}% 22
\BOOKMARK [2][-]{subsection.90}{\376\377\000S\000t\000o\000c\000h\000a\000s\000t\000i\000c\000\040\000S\000t\000a\000t\000u\000s\000\040\000a\000t\000\040\000a\000\040\000G\000l\000a\000n\000c\000e}{section.79}% 23
\BOOKMARK [2][-]{subsection.93}{\376\377\000S\000t\000o\000c\000h\000a\000s\000t\000i\000c\000\040\000S\000u\000f\000f\000i\000c\000i\000e\000n\000c\000y}{section.79}% 24
\BOOKMARK [2][-]{subsection.135}{\376\377\000E\000n\000c\000o\000d\000i\000n\000g\000-\000S\000e\000n\000s\000i\000t\000i\000v\000e\000\040\000C\000o\000m\000p\000l\000e\000x\000i\000t\000y\000\040\000o\000f\000\040\000S\000t\000o\000c\000h\000a\000s\000t\000i\000c\000\040\000D\000e\000c\000i\000s\000i\000v\000e\000n\000e\000s\000s}{section.79}% 25
\BOOKMARK [2][-]{subsection.160}{\376\377\000T\000r\000a\000c\000t\000a\000b\000l\000e\000\040\000S\000u\000b\000c\000a\000s\000e\000s}{section.79}% 26
\BOOKMARK [2][-]{subsection.167}{\376\377\000B\000r\000i\000d\000g\000e\000\040\000f\000r\000o\000m\000\040\000S\000t\000a\000t\000i\000c}{section.79}% 27
\BOOKMARK [1][-]{section.174}{\376\377\000S\000e\000q\000u\000e\000n\000t\000i\000a\000l\000\040\000R\000e\000g\000i\000m\000e\000\040\000C\000o\000m\000p\000l\000e\000x\000i\000t\000y}{}% 28
\BOOKMARK [2][-]{subsection.175}{\376\377\000S\000e\000q\000u\000e\000n\000t\000i\000a\000l\000\040\000D\000e\000c\000i\000s\000i\000o\000n\000\040\000P\000r\000o\000b\000l\000e\000m\000s}{section.174}% 29
\BOOKMARK [2][-]{subsection.187}{\376\377\000P\000S\000P\000A\000C\000E\000-\000C\000o\000m\000p\000l\000e\000t\000e\000n\000e\000s\000s}{section.174}% 30
\BOOKMARK [2][-]{subsection.203}{\376\377\000T\000r\000a\000c\000t\000a\000b\000l\000e\000\040\000S\000u\000b\000c\000a\000s\000e\000s}{section.174}% 31
\BOOKMARK [2][-]{subsection.211}{\376\377\000B\000r\000i\000d\000g\000e\000\040\000f\000r\000o\000m\000\040\000S\000t\000o\000c\000h\000a\000s\000t\000i\000c}{section.174}% 32
\BOOKMARK [1][-]{section.215}{\376\377\000R\000e\000g\000i\000m\000e\000\040\000M\000a\000t\000r\000i\000x}{}% 33
\BOOKMARK [2][-]{subsection.216}{\376\377\000C\000o\000m\000p\000l\000e\000x\000i\000t\000y\000\040\000M\000a\000t\000r\000i\000x}{section.215}% 34
\BOOKMARK [2][-]{subsection.221}{\376\377\000S\000t\000r\000i\000c\000t\000\040\000R\000e\000g\000i\000m\000e\000\040\000G\000a\000p\000s}{section.215}% 35
\BOOKMARK [1][-]{section.229}{\376\377\000E\000n\000c\000o\000d\000i\000n\000g\000\040\000D\000i\000c\000h\000o\000t\000o\000m\000y\000\040\000a\000n\000d\000\040\000E\000T\000H\000\040\000L\000o\000w\000e\000r\000\040\000B\000o\000u\000n\000d\000s}{}% 36
\BOOKMARK [2][-]{subsection.237}{\376\377\000T\000h\000e\000\040\000E\000T\000H\000\040\000R\000e\000d\000u\000c\000t\000i\000o\000n\000\040\000C\000h\000a\000i\000n}{section.229}% 37
\BOOKMARK [2][-]{subsection.242}{\376\377\000C\000r\000o\000s\000s\000-\000M\000o\000d\000e\000l\000\040\000C\000o\000n\000t\000r\000a\000s\000t}{section.229}% 38
\BOOKMARK [1][-]{section.249}{\376\377\000T\000r\000a\000c\000t\000a\000b\000l\000e\000\040\000S\000p\000e\000c\000i\000a\000l\000\040\000C\000a\000s\000e\000s}{}% 39
\BOOKMARK [2][-]{subsection.260}{\376\377\000B\000o\000u\000n\000d\000e\000d\000\040\000A\000c\000t\000i\000o\000n\000s}{section.249}% 40
\BOOKMARK [2][-]{subsection.268}{\376\377\000S\000e\000p\000a\000r\000a\000b\000l\000e\000\040\000U\000t\000i\000l\000i\000t\000y\000\040\000\050\000R\000a\000n\000k\000\040\0001\000\051}{section.249}% 41
\BOOKMARK [2][-]{subsection.273}{\376\377\000L\000o\000w\000\040\000T\000e\000n\000s\000o\000r\000\040\000R\000a\000n\000k}{section.249}% 42
\BOOKMARK [2][-]{subsection.281}{\376\377\000T\000r\000e\000e\000-\000S\000t\000r\000u\000c\000t\000u\000r\000e\000d\000\040\000D\000e\000p\000e\000n\000d\000e\000n\000c\000i\000e\000s}{section.249}% 43
\BOOKMARK [2][-]{subsection.290}{\376\377\000B\000o\000u\000n\000d\000e\000d\000\040\000T\000r\000e\000e\000w\000i\000d\000t\000h}{section.249}% 44
\BOOKMARK [2][-]{subsection.298}{\376\377\000C\000o\000o\000r\000d\000i\000n\000a\000t\000e\000\040\000S\000y\000m\000m\000e\000t\000r\000y}{section.249}% 45
\BOOKMARK [2][-]{subsection.311}{\376\377\000P\000r\000a\000c\000t\000i\000c\000a\000l\000\040\000I\000m\000p\000l\000i\000c\000a\000t\000i\000o\000n\000s}{section.249}% 46
\BOOKMARK [1][-]{section.312}{\376\377\000T\000h\000e\000\040\000C\000e\000r\000t\000i\000f\000i\000c\000a\000t\000i\000o\000n\000\040\000T\000r\000i\000l\000e\000m\000m\000a}{}% 47
\BOOKMARK [2][-]{subsection.313}{\376\377\000D\000e\000f\000i\000n\000i\000t\000i\000o\000n\000s}{section.312}% 48
\BOOKMARK [2][-]{subsection.321}{\376\377\000M\000a\000i\000n\000\040\000I\000m\000p\000o\000s\000s\000i\000b\000i\000l\000i\000t\000y\000\040\000T\000h\000e\000o\000r\000e\000m}{section.312}% 49
\BOOKMARK [2][-]{subsection.331}{\376\377\000R\000e\000g\000i\000m\000e\000-\000D\000e\000p\000e\000n\000d\000e\000n\000t\000\040\000A\000b\000s\000t\000e\000n\000t\000i\000o\000n}{section.312}% 50
\BOOKMARK [2][-]{subsection.335}{\376\377\000C\000o\000n\000n\000e\000c\000t\000i\000o\000n\000\040\000t\000o\000\040\000S\000i\000m\000p\000l\000i\000c\000i\000t\000y\000\040\000T\000a\000x}{section.312}% 51
\BOOKMARK [1][-]{section.336}{\376\377\000S\000t\000r\000u\000c\000t\000u\000r\000a\000l\000\040\000C\000o\000n\000s\000e\000q\000u\000e\000n\000c\000e\000s\000\040\000f\000o\000r\000\040\000E\000x\000a\000c\000t\000\040\000C\000e\000r\000t\000i\000f\000i\000c\000a\000t\000i\000o\000n}{}% 52
\BOOKMARK [2][-]{subsection.337}{\376\377\000E\000x\000a\000c\000t\000\040\000S\000i\000m\000p\000l\000i\000f\000i\000c\000a\000t\000i\000o\000n\000\040\000a\000n\000d\000\040\000O\000v\000e\000r\000-\000S\000p\000e\000c\000i\000f\000i\000c\000a\000t\000i\000o\000n}{section.336}% 53
\BOOKMARK [2][-]{subsection.344}{\376\377\000R\000e\000g\000i\000m\000e\000-\000L\000i\000m\000i\000t\000e\000d\000\040\000E\000x\000a\000c\000t\000\040\000C\000e\000r\000t\000i\000f\000i\000c\000a\000t\000i\000o\000n}{section.336}% 54
\BOOKMARK [2][-]{subsection.348}{\376\377\000W\000i\000t\000n\000e\000s\000s\000\040\000a\000n\000d\000\040\000A\000p\000p\000r\000o\000x\000i\000m\000a\000t\000i\000o\000n\000\040\000L\000i\000m\000i\000t\000s}{section.336}% 55
\BOOKMARK [3][-]{subsubsection.349}{\376\377\000W\000i\000t\000n\000e\000s\000s\000-\000C\000h\000e\000c\000k\000i\000n\000g\000\040\000L\000o\000w\000e\000r\000\040\000B\000o\000u\000n\000d}{subsection.348}% 56
\BOOKMARK [3][-]{subsubsection.354}{\376\377\000A\000p\000p\000r\000o\000x\000i\000m\000a\000t\000i\000o\000n\000\040\000G\000a\000p\000\040\000o\000n\000\040\000t\000h\000e\000\040\000S\000h\000i\000f\000t\000e\000d\000\040\000F\000a\000m\000i\000l\000y}{subsection.348}% 57
\BOOKMARK [3][-]{subsubsection.361}{\376\377\000S\000e\000t\000-\000C\000o\000v\000e\000r\000\040\000T\000r\000a\000n\000s\000f\000e\000r\000\040\000B\000o\000u\000n\000d\000a\000r\000y}{subsection.348}% 58
\BOOKMARK [2][-]{subsection.368}{\376\377\000E\000x\000t\000e\000r\000n\000a\000l\000i\000z\000e\000d\000\040\000R\000e\000l\000e\000v\000a\000n\000c\000e\000\040\000a\000n\000d\000\040\000S\000i\000m\000p\000l\000i\000c\000i\000t\000y\000\040\000T\000a\000x}{section.336}% 59
\BOOKMARK [1][-]{section.372}{\376\377\000R\000e\000l\000a\000t\000e\000d\000\040\000W\000o\000r\000k}{}% 60
\BOOKMARK [2][-]{subsection.373}{\376\377\000R\000o\000u\000g\000h\000\040\000S\000e\000t\000s\000,\000\040\000R\000e\000d\000u\000c\000t\000s\000,\000\040\000a\000n\000d\000\040\000A\000t\000t\000r\000i\000b\000u\000t\000e\000\040\000R\000e\000d\000u\000c\000t\000i\000o\000n}{section.372}% 61
\BOOKMARK [2][-]{subsection.374}{\376\377\000B\000a\000c\000k\000d\000o\000o\000r\000\040\000T\000r\000a\000c\000t\000a\000b\000i\000l\000i\000t\000y\000\040\000i\000n\000\040\000C\000S\000P\000s}{section.372}% 62
\BOOKMARK [2][-]{subsection.378}{\376\377\000D\000e\000c\000i\000s\000i\000o\000n\000-\000T\000h\000e\000o\000r\000e\000t\000i\000c\000\040\000S\000u\000f\000f\000i\000c\000i\000e\000n\000c\000y\000,\000\040\000I\000n\000f\000o\000r\000m\000a\000t\000i\000v\000e\000n\000e\000s\000s\000,\000\040\000a\000n\000d\000\040\000V\000a\000l\000u\000e\000\040\000o\000f\000\040\000I\000n\000f\000o\000r\000m\000a\000t\000i\000o\000n}{section.372}% 63
\BOOKMARK [2][-]{subsection.379}{\376\377\000A\000b\000s\000t\000r\000a\000c\000t\000i\000o\000n\000,\000\040\000B\000i\000s\000i\000m\000u\000l\000a\000t\000i\000o\000n\000,\000\040\000a\000n\000d\000\040\000H\000o\000m\000o\000m\000o\000r\000p\000h\000i\000s\000m\000s\000\040\000i\000n\000\040\000P\000l\000a\000n\000n\000i\000n\000g\000\040\000a\000n\000d\000\040\000R\000e\000i\000n\000f\000o\000r\000c\000e\000m\000e\000n\000t\000\040\000L\000e\000a\000r\000n\000i\000n\000g}{section.372}% 64
\BOOKMARK [2][-]{subsection.380}{\376\377\000E\000x\000p\000l\000a\000n\000a\000t\000o\000r\000y\000\040\000a\000n\000d\000\040\000S\000t\000r\000u\000c\000t\000u\000r\000a\000l\000\040\000R\000e\000a\000s\000o\000n\000i\000n\000g\000\040\000L\000i\000n\000k\000s}{section.372}% 65
\BOOKMARK [2][-]{subsection.381}{\376\377\000O\000r\000a\000c\000l\000e\000,\000\040\000Q\000u\000e\000r\000y\000,\000\040\000a\000n\000d\000\040\000A\000c\000c\000e\000s\000s\000-\000B\000a\000s\000e\000d\000\040\000L\000o\000w\000e\000r\000\040\000B\000o\000u\000n\000d\000s}{section.372}% 66
\BOOKMARK [2][-]{subsection.382}{\376\377\000S\000c\000o\000p\000e\000\040\000a\000n\000d\000\040\000N\000o\000v\000e\000l\000t\000y}{section.372}% 67
\BOOKMARK [1][-]{section.383}{\376\377\000C\000o\000n\000c\000l\000u\000s\000i\000o\000n}{}% 68
\BOOKMARK [1][-]{section*.390}{\376\377\000A\000p\000p\000e\000n\000d\000i\000x}{}% 69
\BOOKMARK [1][-]{section*.393}{\376\377\000A\000p\000p\000e\000n\000d\000i\000x}{}% 70
\BOOKMARK [2][-]{subsection.394}{\376\377\000C\000o\000n\000f\000i\000g\000u\000r\000a\000t\000i\000o\000n\000\040\000C\000a\000s\000e\000\040\000S\000t\000u\000d\000y}{section*.393}% 71
\BOOKMARK [2][-]{subsection.396}{\376\377\000T\000o\000y\000\040\000P\000O\000M\000D\000P\000\040\000T\000r\000a\000n\000s\000l\000a\000t\000i\000o\000n}{section*.393}% 72
\BOOKMARK [2][-]{subsection.403}{\376\377\000H\000y\000p\000e\000r\000p\000a\000r\000a\000m\000e\000t\000e\000r\000-\000R\000e\000d\000u\000n\000d\000a\000n\000c\000y\000\040\000T\000r\000a\000n\000s\000l\000a\000t\000i\000o\000n}{section*.393}% 73
\BOOKMARK [1][-]{section*.407}{\376\377\000R\000e\000f\000e\000r\000e\000n\000c\000e\000s}{}% 74
