\BOOKMARK [1][-]{section.1}{\376\377\000I\000n\000t\000r\000o\000d\000u\000c\000t\000i\000o\000n}{}% 1
\BOOKMARK [1][-]{section.2}{\376\377\000E\000x\000a\000c\000t\000-\000R\000e\000s\000o\000l\000u\000t\000i\000o\000n\000\040\000M\000o\000d\000e\000l}{}% 2
\BOOKMARK [2][-]{subsection.2.1}{\376\377\000F\000o\000r\000m\000a\000l\000\040\000O\000b\000j\000e\000c\000t}{section.2}% 3
\BOOKMARK [2][-]{subsection.2.2}{\376\377\000D\000e\000g\000r\000e\000e\000s\000\040\000o\000f\000\040\000F\000r\000e\000e\000d\000o\000m}{section.2}% 4
\BOOKMARK [2][-]{subsection.2.3}{\376\377\000F\000i\000n\000i\000t\000e\000\040\000P\000h\000y\000s\000i\000c\000a\000l\000\040\000A\000c\000q\000u\000i\000s\000i\000t\000i\000o\000n}{section.2}% 5
\BOOKMARK [2][-]{subsection.2.4}{\376\377\000C\000a\000n\000o\000n\000i\000c\000a\000l\000\040\000D\000e\000c\000i\000s\000i\000o\000n\000\040\000E\000n\000c\000o\000d\000i\000n\000g}{section.2}% 6
\BOOKMARK [2][-]{subsection.2.5}{\376\377\000S\000t\000r\000u\000c\000t\000u\000r\000a\000l\000\040\000R\000a\000n\000k}{section.2}% 7
\BOOKMARK [2][-]{subsection.2.6}{\376\377\000D\000e\000c\000i\000s\000i\000o\000n\000\040\000Q\000u\000o\000t\000i\000e\000n\000t\000\040\000a\000n\000d\000\040\000E\000n\000t\000r\000o\000p\000y}{section.2}% 8
\BOOKMARK [2][-]{subsection.2.7}{\376\377\000F\000o\000r\000m\000a\000l\000i\000z\000a\000t\000i\000o\000n\000\040\000i\000n\000\040\000L\000e\000a\000n}{section.2}% 9
\BOOKMARK [1][-]{section.3}{\376\377\000E\000x\000a\000c\000t\000\040\000R\000e\000s\000o\000l\000u\000t\000i\000o\000n\000,\000\040\000Q\000u\000o\000t\000i\000e\000n\000t\000\040\000S\000t\000r\000u\000c\000t\000u\000r\000e\000,\000\040\000a\000n\000d\000\040\000C\000o\000m\000p\000r\000e\000s\000s\000i\000o\000n}{}% 10
\BOOKMARK [2][-]{subsection.3.1}{\376\377\000A\000b\000s\000t\000r\000a\000c\000t\000i\000o\000n\000\040\000B\000o\000u\000n\000d\000a\000r\000y}{section.3}% 11
\BOOKMARK [2][-]{subsection.3.2}{\376\377\000F\000i\000s\000h\000e\000r\000\040\000D\000i\000m\000e\000n\000s\000i\000o\000n}{section.3}% 12
\BOOKMARK [2][-]{subsection.3.3}{\376\377\000C\000a\000n\000o\000n\000i\000c\000a\000l\000\040\000E\000x\000a\000c\000t\000-\000R\000e\000s\000o\000l\000u\000t\000i\000o\000n\000\040\000E\000n\000c\000o\000d\000i\000n\000g}{section.3}% 13
\BOOKMARK [2][-]{subsection.3.4}{\376\377\000D\000e\000c\000i\000s\000i\000o\000n\000-\000Q\000u\000o\000t\000i\000e\000n\000t\000\040\000S\000i\000z\000e}{section.3}% 14
\BOOKMARK [2][-]{subsection.3.5}{\376\377\000F\000i\000n\000i\000t\000e\000\040\000C\000o\000m\000p\000r\000e\000s\000s\000i\000o\000n\000\040\000B\000r\000i\000d\000g\000e}{section.3}% 15
\BOOKMARK [2][-]{subsection.3.6}{\376\377\000F\000o\000r\000m\000a\000l\000i\000z\000a\000t\000i\000o\000n}{section.3}% 16
\BOOKMARK [1][-]{section.4}{\376\377\000C\000o\000m\000p\000l\000e\000x\000i\000t\000y\000\040\000B\000o\000u\000n\000d\000a\000r\000y\000\040\000o\000f\000\040\000E\000x\000a\000c\000t\000\040\000M\000o\000l\000e\000c\000u\000l\000a\000r\000\040\000D\000o\000c\000k\000i\000n\000g}{}% 17
\BOOKMARK [2][-]{subsection.4.1}{\376\377\000G\000e\000n\000e\000r\000a\000l\000\040\000H\000a\000r\000d\000n\000e\000s\000s\000\040\000C\000o\000r\000e}{section.4}% 18
\BOOKMARK [2][-]{subsection.4.2}{\376\377\000Q\000u\000a\000n\000t\000i\000t\000a\000t\000i\000v\000e\000\040\000C\000e\000r\000t\000i\000f\000i\000c\000a\000t\000i\000o\000n\000\040\000L\000o\000w\000e\000r\000\040\000B\000o\000u\000n\000d\000s}{section.4}% 19
\BOOKMARK [2][-]{subsection.4.3}{\376\377\000C\000u\000t\000o\000f\000f\000-\000L\000o\000c\000a\000l\000\040\000D\000o\000c\000k\000i\000n\000g\000\040\000R\000e\000g\000i\000m\000e}{section.4}% 20
\BOOKMARK [2][-]{subsection.4.4}{\376\377\000A\000l\000l\000o\000s\000t\000e\000r\000i\000c\000\040\000a\000n\000d\000\040\000H\000i\000e\000r\000a\000r\000c\000h\000i\000c\000a\000l\000\040\000E\000x\000t\000e\000n\000s\000i\000o\000n\000s}{section.4}% 21
\BOOKMARK [2][-]{subsection.4.5}{\376\377\000C\000o\000n\000f\000o\000r\000m\000e\000r\000-\000S\000e\000a\000r\000c\000h\000\040\000C\000o\000l\000l\000a\000p\000s\000e\000\040\000R\000e\000g\000i\000m\000e\000s}{section.4}% 22
\BOOKMARK [2][-]{subsection.4.6}{\376\377\000S\000a\000m\000p\000l\000e\000d\000\040\000D\000o\000c\000k\000i\000n\000g}{section.4}% 23
\BOOKMARK [2][-]{subsection.4.7}{\376\377\000T\000o\000p\000-\000k\000\040\000a\000n\000d\000\040\000N\000e\000a\000r\000-\000T\000i\000e\000\040\000C\000o\000n\000t\000r\000o\000l}{section.4}% 24
\BOOKMARK [2][-]{subsection.4.8}{\376\377\000C\000o\000n\000t\000i\000n\000u\000o\000u\000s\000-\000t\000o\000-\000D\000i\000s\000c\000r\000e\000t\000e\000\040\000A\000p\000p\000r\000o\000x\000i\000m\000a\000t\000i\000o\000n\000\040\000B\000r\000i\000d\000g\000e\000s}{section.4}% 25
\BOOKMARK [2][-]{subsection.4.9}{\376\377\000C\000e\000r\000t\000i\000f\000i\000e\000d\000\040\000P\000r\000u\000n\000i\000n\000g\000\040\000a\000n\000d\000\040\000F\000i\000n\000i\000t\000e\000\040\000A\000l\000g\000o\000r\000i\000t\000h\000m\000s}{section.4}% 26
\BOOKMARK [2][-]{subsection.4.10}{\376\377\000C\000o\000n\000c\000r\000e\000t\000e\000\040\000S\000c\000o\000r\000e\000r\000\040\000F\000a\000m\000i\000l\000i\000e\000s}{section.4}% 27
\BOOKMARK [2][-]{subsection.4.11}{\376\377\000G\000e\000o\000m\000e\000t\000r\000i\000c\000\040\000a\000n\000d\000\040\000E\000l\000e\000c\000t\000r\000o\000s\000t\000a\000t\000i\000c\000\040\000S\000t\000r\000u\000c\000t\000u\000r\000e}{section.4}% 28
\BOOKMARK [2][-]{subsection.4.12}{\376\377\000F\000o\000r\000m\000a\000l\000i\000z\000a\000t\000i\000o\000n}{section.4}% 29
\BOOKMARK [1][-]{section.5}{\376\377\000T\000h\000e\000r\000m\000o\000d\000y\000n\000a\000m\000i\000c\000\040\000C\000o\000s\000t\000\040\000o\000f\000\040\000E\000x\000a\000c\000t\000\040\000M\000o\000l\000e\000c\000u\000l\000a\000r\000\040\000D\000o\000c\000k\000i\000n\000g}{}% 30
\BOOKMARK [2][-]{subsection.5.1}{\376\377\000L\000a\000n\000d\000a\000u\000e\000r\000-\000L\000i\000n\000e\000a\000r\000\040\000R\000e\000s\000o\000l\000u\000t\000i\000o\000n\000\040\000C\000o\000s\000t}{section.5}% 31
\BOOKMARK [2][-]{subsection.5.2}{\376\377\000E\000n\000e\000r\000g\000y\040\023\000I\000n\000f\000o\000r\000m\000a\000t\000i\000o\000n\000\040\000D\000u\000a\000l\000i\000t\000y}{section.5}% 32
\BOOKMARK [2][-]{subsection.5.3}{\376\377\000E\000x\000a\000c\000t\000\040\000D\000o\000c\000k\000i\000n\000g\000\040\000D\000e\000c\000i\000s\000i\000o\000n\000\040\000P\000r\000o\000b\000l\000e\000m\000s}{section.5}% 33
\BOOKMARK [2][-]{subsection.5.4}{\376\377\000F\000i\000n\000i\000t\000e\000-\000T\000i\000m\000e\000\040\000a\000n\000d\000\040\000B\000u\000d\000g\000e\000t\000\040\000B\000o\000u\000n\000d\000s}{section.5}% 34
\BOOKMARK [2][-]{subsection.5.5}{\376\377\000W\000o\000r\000k\000e\000d\000\040\000E\000x\000a\000m\000p\000l\000e\000s}{section.5}% 35
\BOOKMARK [2][-]{subsection.5.6}{\376\377\000C\000o\000n\000c\000r\000e\000t\000e\000\040\000S\000u\000b\000s\000t\000r\000a\000t\000e\000\040\000I\000n\000s\000t\000a\000n\000t\000i\000a\000t\000i\000o\000n}{section.5}% 36
\BOOKMARK [2][-]{subsection.5.7}{\376\377\000S\000u\000b\000s\000t\000r\000a\000t\000e\000\040\000T\000i\000m\000e\000\040\000L\000a\000w}{section.5}% 37
\BOOKMARK [2][-]{subsection.5.8}{\376\377\000F\000i\000n\000i\000t\000e\000\040\000Q\000u\000o\000t\000i\000e\000n\000t\000\040\000T\000r\000a\000j\000e\000c\000t\000o\000r\000i\000e\000s}{section.5}% 38
\BOOKMARK [2][-]{subsection.5.9}{\376\377\000P\000h\000y\000s\000i\000c\000a\000l\000\040\000I\000n\000s\000t\000a\000n\000t\000i\000a\000t\000i\000o\000n\000\040\000a\000n\000d\000\040\000C\000o\000n\000s\000t\000r\000u\000c\000t\000i\000v\000e\000\040\000E\000x\000t\000r\000a\000c\000t\000i\000o\000n}{section.5}% 39
\BOOKMARK [3][-]{subsubsection.5.9.1}{\376\377\000C\000l\000a\000s\000s\000i\000c\000a\000l\000\040\000F\000o\000r\000c\000e\000-\000F\000i\000e\000l\000d\000\040\000B\000r\000i\000d\000g\000e}{subsection.5.9}% 40
\BOOKMARK [3][-]{subsubsection.5.9.2}{\376\377\000L\000a\000n\000g\000e\000v\000i\000n\000\040\000D\000y\000n\000a\000m\000i\000c\000s\000\040\000B\000r\000i\000d\000g\000e}{subsection.5.9}% 41
\BOOKMARK [3][-]{subsubsection.5.9.3}{\376\377\000S\000p\000i\000n\000-\000\040\000r\000e\000p\000s\000t\000o\000p\000d\000f\0001\0002\000\040\000Q\000u\000a\000n\000t\000u\000m\000\040\000I\000n\000s\000t\000a\000n\000t\000i\000a\000t\000i\000o\000n}{subsection.5.9}% 42
\BOOKMARK [3][-]{subsubsection.5.9.4}{\376\377\000C\000o\000n\000s\000t\000r\000u\000c\000t\000i\000v\000e\000\040\000E\000x\000t\000r\000a\000c\000t\000i\000o\000n\000\040\000a\000n\000d\000\040\000C\000o\000m\000p\000u\000t\000a\000b\000i\000l\000i\000t\000y}{subsection.5.9}% 43
\BOOKMARK [3][-]{subsubsection.5.9.5}{\376\377\000C\000h\000e\000m\000i\000c\000a\000l\000,\000\040\000E\000n\000s\000e\000m\000b\000l\000e\000,\000\040\000a\000n\000d\000\040\000K\000i\000n\000e\000t\000i\000c\000\040\000D\000o\000c\000k\000i\000n\000g\000\040\000I\000n\000t\000e\000r\000f\000a\000c\000e\000s}{subsection.5.9}% 44
\BOOKMARK [2][-]{subsection.5.10}{\376\377\000F\000a\000u\000l\000t\000-\000T\000o\000l\000e\000r\000a\000n\000t\000\040\000R\000e\000s\000o\000l\000u\000t\000i\000o\000n}{section.5}% 45
\BOOKMARK [2][-]{subsection.5.11}{\376\377\000B\000i\000n\000d\000i\000n\000g\000\040\000F\000r\000e\000e\000-\000E\000n\000e\000r\000g\000y\000\040\000B\000r\000i\000d\000g\000e}{section.5}% 46
\BOOKMARK [2][-]{subsection.5.12}{\376\377\000S\000t\000r\000i\000c\000t\000\040\000O\000v\000e\000r\000h\000e\000a\000d\000\040\000A\000b\000o\000v\000e\000\040\000L\000a\000n\000d\000a\000u\000e\000r}{section.5}% 47
\BOOKMARK [2][-]{subsection.5.13}{\376\377\000C\000y\000c\000l\000e\000w\000i\000s\000e\000\040\000H\000e\000a\000t\000\040\000a\000n\000d\000\040\000L\000i\000f\000e\000t\000i\000m\000e}{section.5}% 48
\BOOKMARK [2][-]{subsection.5.14}{\376\377\000C\000o\000n\000s\000t\000r\000a\000i\000n\000e\000d\000\040\000M\000o\000l\000e\000c\000u\000l\000a\000r\000\040\000A\000p\000p\000l\000i\000c\000a\000t\000i\000o\000n}{section.5}% 49
\BOOKMARK [2][-]{subsection.5.15}{\376\377\000O\000p\000t\000i\000m\000a\000l\000-\000T\000r\000a\000n\000s\000p\000o\000r\000t\000\040\000W\000i\000t\000n\000e\000s\000s}{section.5}% 50
\BOOKMARK [2][-]{subsection.5.16}{\376\377\000I\000n\000t\000e\000r\000p\000r\000e\000t\000a\000t\000i\000o\000n}{section.5}% 51
\BOOKMARK [2][-]{subsection.5.17}{\376\377\000F\000o\000r\000m\000a\000l\000i\000z\000a\000t\000i\000o\000n}{section.5}% 52
\BOOKMARK [1][-]{section.6}{\376\377\000C\000o\000n\000v\000e\000r\000g\000e\000n\000c\000e\000\040\000a\000n\000d\000\040\000U\000n\000i\000v\000e\000r\000s\000a\000l\000\040\000C\000o\000n\000s\000e\000q\000u\000e\000n\000c\000e\000s}{}% 53
\BOOKMARK [2][-]{subsection.6.1}{\376\377\000I\000m\000p\000o\000r\000t\000e\000d\000\040\000C\000o\000h\000e\000r\000e\000n\000c\000e\000\040\000R\000e\000a\000d\000i\000n\000g}{section.6}% 54
\BOOKMARK [2][-]{subsection.6.2}{\376\377\000S\000t\000r\000u\000c\000t\000u\000r\000a\000l\000\040\000R\000a\000n\000k}{section.6}% 55
\BOOKMARK [2][-]{subsection.6.3}{\376\377\000T\000r\000a\000c\000t\000a\000b\000i\000l\000i\000t\000y\000\040\000B\000o\000u\000n\000d\000a\000r\000y}{section.6}% 56
\BOOKMARK [2][-]{subsection.6.4}{\376\377\000T\000h\000e\000r\000m\000o\000d\000y\000n\000a\000m\000i\000c\000\040\000S\000e\000l\000e\000c\000t\000i\000o\000n}{section.6}% 57
\BOOKMARK [2][-]{subsection.6.5}{\376\377\000C\000o\000n\000v\000e\000r\000g\000e\000n\000c\000e\000\040\000T\000h\000e\000o\000r\000e\000m}{section.6}% 58
\BOOKMARK [2][-]{subsection.6.6}{\376\377\000F\000o\000r\000m\000a\000l\000i\000z\000a\000t\000i\000o\000n}{section.6}% 59
\BOOKMARK [2][-]{subsection.6.7}{\376\377\000F\000i\000n\000i\000t\000e\000\040\000R\000e\000p\000l\000i\000c\000a\000t\000i\000o\000n\000\040\000E\000n\000t\000r\000o\000p\000y\000\040\000G\000a\000p}{section.6}% 60
\BOOKMARK [2][-]{subsection.6.8}{\376\377\000F\000i\000n\000i\000t\000e\000-\000B\000u\000d\000g\000e\000t\000\040\000N\000o\000-\000C\000o\000l\000l\000a\000p\000s\000e}{section.6}% 61
\BOOKMARK [2][-]{subsection.6.9}{\376\377\000F\000a\000l\000s\000i\000f\000i\000a\000b\000i\000l\000i\000t\000y\000\040\000C\000r\000i\000t\000e\000r\000i\000a}{section.6}% 62
\BOOKMARK [1][-]{section.7}{\376\377\000R\000e\000l\000a\000t\000e\000d\000\040\000W\000o\000r\000k}{}% 63
\BOOKMARK [2][-]{subsection.7.1}{\376\377\000L\000a\000n\000d\000a\000u\000e\000r\000,\000\040\000N\000o\000n\000-\000E\000q\000u\000i\000l\000i\000b\000r\000i\000u\000m\000\040\000T\000h\000e\000r\000m\000o\000d\000y\000n\000a\000m\000i\000c\000s\000,\000\040\000a\000n\000d\000\040\000S\000e\000l\000e\000c\000t\000i\000o\000n}{section.7}% 64
\BOOKMARK [2][-]{subsection.7.2}{\376\377\000Z\000e\000r\000o\000-\000E\000r\000r\000o\000r\000,\000\040\000F\000u\000n\000c\000t\000i\000o\000n\000a\000l\000,\000\040\000a\000n\000d\000\040\000Q\000u\000o\000t\000i\000e\000n\000t\000\040\000I\000n\000f\000o\000r\000m\000a\000t\000i\000o\000n}{section.7}% 65
\BOOKMARK [2][-]{subsection.7.3}{\376\377\000C\000a\000t\000e\000g\000o\000r\000i\000c\000a\000l\000\040\000Q\000u\000o\000t\000i\000e\000n\000t\000s\000\040\000a\000n\000d\000\040\000E\000x\000a\000c\000t\000\040\000A\000b\000s\000t\000r\000a\000c\000t\000i\000o\000n}{section.7}% 66
\BOOKMARK [2][-]{subsection.7.4}{\376\377\000F\000o\000r\000m\000a\000l\000\040\000S\000o\000u\000r\000c\000e\000\040\000P\000r\000o\000v\000e\000n\000a\000n\000c\000e}{section.7}% 67
\BOOKMARK [1][-]{section.8}{\376\377\000C\000o\000n\000c\000l\000u\000s\000i\000o\000n}{}% 68
\BOOKMARK [2][-]{subsection.8.1}{\376\377\000S\000u\000m\000m\000a\000r\000y}{section.8}% 69
\BOOKMARK [2][-]{subsection.8.2}{\376\377\000S\000c\000o\000p\000e}{section.8}% 70
\BOOKMARK [2][-]{subsection.8.3}{\376\377\000F\000i\000n\000a\000l\000\040\000R\000e\000m\000a\000r\000k\000s}{section.8}% 71
\BOOKMARK [1][-]{appendix.A}{\376\377\000P\000r\000o\000o\000f\000\040\000P\000r\000o\000v\000e\000n\000a\000n\000c\000e}{}% 72
\BOOKMARK [2][-]{subsection.A.1}{\376\377\000C\000l\000a\000i\000m\000\040\000C\000o\000v\000e\000r\000a\000g\000e\000\040\000M\000a\000t\000r\000i\000x}{appendix.A}% 73
\BOOKMARK [2][-]{subsection.A.2}{\376\377\000L\000e\000a\000n\000\040\000H\000a\000n\000d\000l\000e\000\040\000M\000a\000p}{appendix.A}% 74
\BOOKMARK [2][-]{subsection.A.3}{\376\377\000P\000r\000o\000o\000f\000\040\000H\000a\000r\000d\000n\000e\000s\000s\000\040\000I\000n\000d\000e\000x}{appendix.A}% 75
\BOOKMARK [1][-]{appendix.B}{\376\377\000S\000c\000o\000p\000e\000\040\000S\000t\000a\000t\000e\000m\000e\000n\000t\000s}{}% 76
\BOOKMARK [1][-]{appendix.C}{\376\377\000C\000o\000m\000p\000l\000e\000t\000e\000\040\000T\000h\000e\000o\000r\000e\000m\000\040\000I\000n\000d\000e\000x}{}% 77
