\BOOKMARK [1][-]{section.1}{\376\377\000I\000n\000t\000r\000o\000d\000u\000c\000t\000i\000o\000n}{}% 1
\BOOKMARK [2][-]{subsection.1.1}{\376\377\000D\000i\000s\000t\000r\000i\000b\000u\000t\000e\000d\000\040\000S\000o\000u\000r\000c\000e\000\040\000C\000o\000d\000i\000n\000g\000\040\000F\000o\000r\000m\000u\000l\000a\000t\000i\000o\000n}{section.1}% 2
\BOOKMARK [2][-]{subsection.1.2}{\376\377\000B\000o\000u\000n\000d\000a\000r\000y\000\040\000I\000n\000t\000e\000r\000p\000r\000e\000t\000a\000t\000i\000o\000n}{section.1}% 3
\BOOKMARK [2][-]{subsection.1.3}{\376\377\000P\000a\000p\000e\000r\000\040\000O\000r\000g\000a\000n\000i\000z\000a\000t\000i\000o\000n}{section.1}% 4
\BOOKMARK [2][-]{subsection.1.4}{\376\377\000S\000c\000o\000p\000e}{section.1}% 5
\BOOKMARK [2][-]{subsection.1.5}{\376\377\000C\000o\000n\000t\000r\000i\000b\000u\000t\000i\000o\000n\000s}{section.1}% 6
\BOOKMARK [1][-]{section.2}{\376\377\000F\000i\000g\000u\000r\000e\000s}{}% 7
\BOOKMARK [1][-]{section.3}{\376\377\000M\000o\000d\000e\000l\000\040\000a\000n\000d\000\040\000B\000a\000s\000i\000c\000\040\000Q\000u\000a\000n\000t\000i\000t\000i\000e\000s}{}% 8
\BOOKMARK [2][-]{subsection.3.1}{\376\377\000M\000o\000d\000e\000l\000\040\000a\000s\000s\000u\000m\000p\000t\000i\000o\000n\000s\000\040\000a\000n\000d\000\040\000n\000o\000t\000a\000t\000i\000o\000n}{section.3}% 9
\BOOKMARK [2][-]{subsection.3.2}{\376\377\000L\000a\000t\000e\000n\000t\000\040\000s\000t\000a\000t\000e\000s\000,\000\040\000a\000m\000b\000i\000g\000u\000i\000t\000y\000,\000\040\000a\000n\000d\000\040\000i\000n\000d\000e\000p\000e\000n\000d\000e\000n\000t\000\040\000r\000a\000t\000e}{section.3}% 10
\BOOKMARK [2][-]{subsection.3.3}{\376\377\000Z\000e\000r\000o\000-\000I\000n\000c\000o\000h\000e\000r\000e\000n\000c\000e\000\040\000T\000h\000r\000e\000s\000h\000o\000l\000d}{section.3}% 11
\BOOKMARK [1][-]{section.4}{\376\377\000U\000n\000i\000f\000i\000e\000d\000\040\000F\000i\000n\000i\000t\000e\000\040\000C\000o\000n\000v\000e\000r\000s\000e}{}% 12
\BOOKMARK [2][-]{subsection.4.1}{\376\377\000F\000i\000n\000i\000t\000e\000-\000e\000r\000r\000o\000r\000\040\000e\000x\000t\000e\000n\000s\000i\000o\000n}{section.4}% 13
\BOOKMARK [1][-]{section.5}{\376\377\000G\000r\000a\000p\000h\000\040\000C\000h\000a\000r\000a\000c\000t\000e\000r\000i\000z\000a\000t\000i\000o\000n\000\040\000o\000f\000\040\000P\000a\000r\000t\000i\000a\000l\000\040\000V\000i\000e\000w\000s}{}% 14
\BOOKMARK [2][-]{subsection.5.1}{\376\377\000A\000\040\000R\000u\000n\000n\000i\000n\000g\000\040\000E\000x\000a\000m\000p\000l\000e\000:\000\040\000T\000h\000e\000\040\000B\000i\000n\000a\000r\000y\000\040\000S\000q\000u\000a\000r\000e}{section.5}% 15
\BOOKMARK [2][-]{subsection.5.2}{\376\377\000G\000e\000n\000e\000r\000a\000l\000\040\000G\000r\000a\000p\000h\000\040\000C\000h\000a\000r\000a\000c\000t\000e\000r\000i\000z\000a\000t\000i\000o\000n}{section.5}% 16
\BOOKMARK [1][-]{section.6}{\376\377\000B\000l\000o\000c\000k\000\040\000C\000o\000m\000p\000o\000s\000i\000t\000i\000o\000n\000,\000\040\000S\000t\000r\000o\000n\000g\000\040\000P\000o\000w\000e\000r\000s\000,\000\040\000a\000n\000d\000\040\000A\000s\000y\000m\000p\000t\000o\000t\000i\000c\000\040\000C\000a\000p\000a\000c\000i\000t\000y}{}% 17
\BOOKMARK [2][-]{subsection.6.1}{\376\377\000M\000o\000t\000i\000v\000a\000t\000i\000o\000n\000:\000\040\000R\000e\000p\000e\000a\000t\000e\000d\000\040\000C\000o\000m\000p\000o\000s\000i\000t\000i\000o\000n}{section.6}% 18
\BOOKMARK [2][-]{subsection.6.2}{\376\377\000B\000l\000o\000c\000k\000\040\000C\000o\000m\000p\000o\000s\000i\000t\000i\000o\000n\000\040\000L\000a\000w}{section.6}% 19
\BOOKMARK [1][-]{section.7}{\376\377\000T\000h\000e\000t\000a\000\040\000U\000p\000p\000e\000r\000\040\000T\000h\000e\000o\000r\000y}{}% 20
\BOOKMARK [1][-]{section.8}{\376\377\000E\000q\000u\000a\000l\000i\000t\000y\000\040\000C\000h\000a\000r\000a\000c\000t\000e\000r\000i\000z\000a\000t\000i\000o\000n}{}% 21
\BOOKMARK [1][-]{section.9}{\376\377\000A\000f\000f\000i\000n\000e\000\040\000D\000u\000a\000l\000:\000\040\000C\000o\000o\000r\000d\000i\000n\000a\000t\000e\000\040\000M\000a\000t\000r\000o\000i\000d}{}% 22
\BOOKMARK [2][-]{subsection.9.1}{\376\377\000V\000i\000e\000w\000-\000f\000i\000b\000e\000r\000\040\000d\000i\000m\000e\000n\000s\000i\000o\000n\000s\000\040\000a\000n\000d\000\040\000c\000a\000p\000a\000c\000i\000t\000y}{section.9}% 23
\BOOKMARK [1][-]{section.10}{\376\377\000U\000n\000i\000t\000-\000R\000a\000t\000e\000\040\000S\000t\000r\000u\000c\000t\000u\000r\000a\000l\000\040\000I\000n\000t\000e\000r\000p\000r\000e\000t\000a\000t\000i\000o\000n}{}% 24
\BOOKMARK [2][-]{subsection.10.1}{\376\377\000D\000e\000r\000i\000v\000a\000t\000i\000o\000n\000\040\000a\000s\000\040\000t\000h\000e\000\040\000S\000i\000n\000g\000l\000e\000-\000S\000o\000u\000r\000c\000e\000\040\000S\000t\000r\000u\000c\000t\000u\000r\000e}{section.10}% 25
\BOOKMARK [2][-]{subsection.10.2}{\376\377\000R\000e\000a\000d\000i\000n\000g\000\040\000t\000h\000e\000\040\000C\000o\000n\000v\000e\000r\000s\000e\000\040\000a\000t\000\040\000U\000n\000i\000t\000\040\000R\000a\000t\000e}{section.10}% 26
\BOOKMARK [2][-]{subsection.10.3}{\376\377\000R\000a\000t\000e\000\040\000a\000n\000d\000\040\000M\000a\000n\000u\000a\000l\000\040\000U\000p\000d\000a\000t\000e\000\040\000C\000o\000s\000t}{section.10}% 27
\BOOKMARK [2][-]{subsection.10.4}{\376\377\000D\000e\000r\000i\000v\000e\000d\000\040\000V\000i\000e\000w\000s}{section.10}% 28
\BOOKMARK [1][-]{section.11}{\376\377\000T\000h\000r\000e\000s\000h\000o\000l\000d\000\040\000a\000n\000d\000\040\000R\000a\000t\000e\000-\000C\000o\000m\000p\000l\000e\000x\000i\000t\000y\000\040\000C\000o\000r\000o\000l\000l\000a\000r\000i\000e\000s}{}% 29
\BOOKMARK [2][-]{subsection.11.1}{\376\377\000C\000o\000s\000t\000\040\000M\000o\000d\000e\000l}{section.11}% 30
\BOOKMARK [2][-]{subsection.11.2}{\376\377\000U\000p\000p\000e\000r\000\040\000B\000o\000u\000n\000d\000\040\000a\000t\000\040\000U\000n\000i\000t\000\040\000I\000n\000d\000e\000p\000e\000n\000d\000e\000n\000t\000\040\000R\000a\000t\000e}{section.11}% 31
\BOOKMARK [2][-]{subsection.11.3}{\376\377\000L\000o\000w\000e\000r\000\040\000B\000o\000u\000n\000d\000\040\000A\000b\000o\000v\000e\000\040\000t\000h\000e\000\040\000T\000h\000r\000e\000s\000h\000o\000l\000d}{section.11}% 32
\BOOKMARK [2][-]{subsection.11.4}{\376\377\000T\000h\000e\000\040\000U\000n\000b\000o\000u\000n\000d\000e\000d\000\040\000G\000a\000p}{section.11}% 33
\BOOKMARK [1][-]{section.12}{\376\377\000S\000t\000r\000u\000c\000t\000u\000r\000a\000l\000\040\000C\000o\000n\000s\000e\000q\000u\000e\000n\000c\000e\000s}{}% 34
\BOOKMARK [2][-]{subsection.12.1}{\376\377\000C\000o\000n\000f\000u\000s\000a\000b\000i\000l\000i\000t\000y\000\040\000a\000n\000d\000\040\000S\000i\000d\000e\000\040\000I\000n\000f\000o\000r\000m\000a\000t\000i\000o\000n}{section.12}% 35
\BOOKMARK [2][-]{subsection.12.2}{\376\377\000T\000h\000e\000\040\000S\000t\000r\000u\000c\000t\000u\000r\000a\000l\000\040\000T\000i\000m\000i\000n\000g\000\040\000C\000o\000n\000s\000t\000r\000a\000i\000n\000t}{section.12}% 36
\BOOKMARK [2][-]{subsection.12.3}{\376\377\000R\000e\000q\000u\000i\000r\000e\000m\000e\000n\000t\000\040\0001\000:\000\040\000C\000a\000u\000s\000a\000l\000\040\000U\000p\000d\000a\000t\000e\000\040\000P\000r\000o\000p\000a\000g\000a\000t\000i\000o\000n}{section.12}% 37
\BOOKMARK [2][-]{subsection.12.4}{\376\377\000R\000e\000q\000u\000i\000r\000e\000m\000e\000n\000t\000\040\0002\000:\000\040\000P\000r\000o\000v\000e\000n\000a\000n\000c\000e\000\040\000O\000b\000s\000e\000r\000v\000a\000b\000i\000l\000i\000t\000y}{section.12}% 38
\BOOKMARK [2][-]{subsection.12.5}{\376\377\000I\000n\000d\000e\000p\000e\000n\000d\000e\000n\000c\000e\000\040\000o\000f\000\040\000t\000h\000e\000\040\000T\000w\000o\000\040\000R\000e\000q\000u\000i\000r\000e\000m\000e\000n\000t\000s}{section.12}% 39
\BOOKMARK [2][-]{subsection.12.6}{\376\377\000T\000h\000e\000\040\000R\000e\000a\000l\000i\000z\000a\000b\000i\000l\000i\000t\000y\000\040\000T\000h\000e\000o\000r\000e\000m}{section.12}% 40
\BOOKMARK [1][-]{section.13}{\376\377\000R\000e\000l\000a\000t\000e\000d\000\040\000W\000o\000r\000k}{}% 41
\BOOKMARK [2][-]{subsection.13.1}{\376\377\000Z\000e\000r\000o\000-\000E\000r\000r\000o\000r\000\040\000a\000n\000d\000\040\000S\000i\000d\000e\000-\000I\000n\000f\000o\000r\000m\000a\000t\000i\000o\000n\000\040\000L\000i\000n\000e\000a\000g\000e}{section.13}% 42
\BOOKMARK [2][-]{subsection.13.2}{\376\377\000C\000o\000n\000s\000i\000s\000t\000e\000n\000c\000y\000-\000C\000o\000n\000s\000t\000r\000a\000i\000n\000e\000d\000\040\000S\000t\000o\000r\000a\000g\000e\000\040\000a\000n\000d\000\040\000I\000n\000t\000e\000r\000a\000c\000t\000i\000o\000n}{section.13}% 43
\BOOKMARK [2][-]{subsection.13.3}{\376\377\000C\000o\000m\000p\000u\000t\000a\000t\000i\000o\000n\000a\000l\000\040\000R\000e\000a\000l\000i\000z\000a\000t\000i\000o\000n\000s}{section.13}% 44
\BOOKMARK [2][-]{subsection.13.4}{\376\377\000F\000o\000r\000m\000a\000l\000\040\000V\000e\000r\000i\000f\000i\000c\000a\000t\000i\000o\000n}{section.13}% 45
\BOOKMARK [1][-]{section.14}{\376\377\000C\000o\000n\000c\000l\000u\000s\000i\000o\000n}{}% 46
\BOOKMARK [2][-]{subsection.14.1}{\376\377\000A\000r\000t\000i\000f\000a\000c\000t\000s}{section.14}% 47
\BOOKMARK [1][-]{section*.2}{\376\377\000R\000e\000f\000e\000r\000e\000n\000c\000e\000s}{}% 48
\BOOKMARK [1][-]{section*.3}{\376\377\000A\000p\000p\000e\000n\000d\000i\000x}{}% 49
